C51 COMPILER V9.59.0.0   LOCK                                                              05/25/2023 20:00:56 PAGE 1   


C51 COMPILER V9.59.0.0, COMPILATION OF MODULE LOCK
OBJECT MODULE PLACED IN .\Objects\Lock.obj
COMPILER INVOKED BY: C:\Keil_C51\C51\BIN\C51.EXE Lock.c BROWSE DEBUG OBJECTEXTEND PRINT(.\Listings\Lock.lst) OBJECT(.\Ob
                    -jects\Lock.obj)

line level    source

   1          #include <REGX52.H>
   2          #include "LCD1602.h"
   3          #include "AT24C02.h"
   4          #include "Delay.h"
   5          #include "MatrixKey.h"
   6          #include "ESP8266.h"
   7          


MODULE INFORMATION:   STATIC OVERLAYABLE
   CODE SIZE        =   ----    ----
   CONSTANT SIZE    =   ----    ----
   XDATA SIZE       =   ----    ----
   PDATA SIZE       =   ----    ----
   DATA SIZE        =   ----    ----
   IDATA SIZE       =   ----    ----
   BIT SIZE         =   ----    ----
END OF MODULE INFORMATION.


C51 COMPILATION COMPLETE.  0 WARNING(S),  0 ERROR(S)
