BL51 BANKED LINKER/LOCATER V6.22.2.0                                                    06/06/2023  00:10:54  PAGE 1


BL51 BANKED LINKER/LOCATER V6.22.2.0, INVOKED BY:
C:\KEIL_V5\C51\BIN\BL51.EXE .\Objects\main.obj, .\Objects\Delay.obj, .\Objects\LCD1602.obj, .\Objects\AT24C02.obj, .\Obj
>> ects\I2C.obj, .\Objects\MatrixKey.obj, .\Objects\rc522.obj, .\Objects\uart.obj, .\Objects\wifi_control.obj TO .\Objec
>> ts\Project PRINT (.\Listings\Project.m51) RAMSIZE (256) DISABLEWARNING (16)


MEMORY MODEL: LARGE


INPUT MODULES INCLUDED:
  .\Objects\main.obj (MAIN)
  .\Objects\Delay.obj (DELAY)
  .\Objects\LCD1602.obj (LCD1602)
  .\Objects\AT24C02.obj (AT24C02)
  .\Objects\I2C.obj (I2C)
  .\Objects\MatrixKey.obj (MATRIXKEY)
  .\Objects\rc522.obj (RC522)
  .\Objects\uart.obj (UART)
  .\Objects\wifi_control.obj (WIFI_CONTROL)
  C:\KEIL_V5\C51\LIB\C51L.LIB (?C_STARTUP)
  C:\KEIL_V5\C51\LIB\C51L.LIB (?C?COPY)
  C:\KEIL_V5\C51\LIB\C51L.LIB (?C?CLDPTR)
  C:\KEIL_V5\C51\LIB\C51L.LIB (?C?CLDOPTR)
  C:\KEIL_V5\C51\LIB\C51L.LIB (?C?CSTPTR)
  C:\KEIL_V5\C51\LIB\C51L.LIB (?C?CSTOPTR)
  C:\KEIL_V5\C51\LIB\C51L.LIB (?C?IMUL)
  C:\KEIL_V5\C51\LIB\C51L.LIB (?C?UIDIV)
  C:\KEIL_V5\C51\LIB\C51L.LIB (?C?IILDX)
  C:\KEIL_V5\C51\LIB\C51L.LIB (?C?ISTPTR)
  C:\KEIL_V5\C51\LIB\C51L.LIB (?C?CCASE)
  C:\KEIL_V5\C51\LIB\C51L.LIB (?C_INIT)


LINK MAP OF MODULE:  .\Objects\Project (MAIN)


            TYPE    BASE      LENGTH    RELOCATION   SEGMENT NAME
            -----------------------------------------------------

            * * * * * * *   D A T A   M E M O R Y   * * * * * * *
            REG     0000H     0008H     ABSOLUTE     "REG BANK 0"
            IDATA   0008H     0001H     UNIT         ?STACK

            * * * * * * *  X D A T A   M E M O R Y  * * * * * * *
            XDATA   0000H     002FH     UNIT         _XDATA_GROUP_
            XDATA   002FH     0024H     UNIT         ?XD?MAIN
            XDATA   0053H     0019H     UNIT         ?XD?_PCDVALUE?RC522
            XDATA   006CH     0018H     UNIT         ?XD?RC522
            XDATA   0084H     000CH     UNIT         ?XD?UART
            XDATA   0090H     0007H     UNIT         ?XD?_LCD_SHOWSIGNEDNUM?LCD1602
            XDATA   0097H     0007H     UNIT         ?XD?_COMPARE?RC522
            XDATA   009EH     0005H     UNIT         ?XD?_LCD_SHOWHEXNUM?LCD1602
            XDATA   00A3H     0005H     UNIT         ?XD?_LCD_SHOWBINNUM?LCD1602
            XDATA   00A8H     0003H     UNIT         ?XD?_UART_SENDSTRING?UART
            XDATA   00ABH     0001H     UNIT         ?XD?WIFI_CONTROL

            * * * * * * *   C O D E   M E M O R Y   * * * * * * *
            CODE    0000H     0003H     ABSOLUTE     
BL51 BANKED LINKER/LOCATER V6.22.2.0                                                  06/06/2023  00:10:54  PAGE 2


            CODE    0003H     0008H     UNIT         ?PR?LCD_CLEAR?LCD1602
            CODE    000BH     0003H     ABSOLUTE     
            CODE    000EH     0015H     UNIT         ?PR?_DELAY?DELAY
            CODE    0023H     0003H     ABSOLUTE     
            CODE    0026H     0334H     UNIT         ?PR?LOCK_NUM?MAIN
            CODE    035AH     028EH     UNIT         ?PR?UART_IRQN?WIFI_CONTROL
            CODE    05E8H     0232H     UNIT         ?C?LIB_CODE
            CODE    081AH     021EH     UNIT         ?PR?_PCDCOMMF522?RC522
            CODE    0A38H     0206H     UNIT         ?PR?CTRL_PROCESS?MAIN
            CODE    0C3EH     01D0H     UNIT         ?PR?KEYSCAN?MAIN
            CODE    0E0EH     01A8H     UNIT         ?PR?_LCD_PAGE?MAIN
            CODE    0FB6H     014BH     UNIT         ?PR?_PCDVALUE?RC522
            CODE    1101H     0123H     UNIT         ?PR?RC522TEST?RC522
            CODE    1224H     010EH     UNIT         ?PR?CHANGE_PASSWORD?MAIN
            CODE    1332H     00CCH     UNIT         ?PR?_SHOWID?MAIN
            CODE    13FEH     00C7H     UNIT         ?PR?_PCDANTICOLL?RC522
            CODE    14C5H     00B6H     UNIT         ?CO?MAIN
            CODE    157BH     009DH     UNIT         ?PR?MATRIXKEY?MATRIXKEY
            CODE    1618H     008CH     UNIT         ?C_C51STARTUP
            CODE    16A4H     008BH     UNIT         ?PR?_PCDREQUEST?RC522
            CODE    172FH     0085H     UNIT         ?CO?WIFI_CONTROL
            CODE    17B4H     0062H     UNIT         ?C_INITSEG
            CODE    1816H     005CH     UNIT         ?PR?_READRAWRC?RC522
            CODE    1872H     005BH     UNIT         ?PR?_LCD_POW?LCD1602
            CODE    18CDH     005BH     UNIT         ?PR?_WRITERAWRC?RC522
            CODE    1928H     005BH     UNIT         ?PR?_COMPARE?RC522
            CODE    1983H     0059H     UNIT         ?PR?_LCD_SHOWSIGNEDNUM?LCD1602
            CODE    19DCH     0051H     UNIT         ?PR?_ESP8266_SENDCMD?WIFI_CONTROL
            CODE    1A2DH     004FH     UNIT         ?PR?_LCD_SHOWHEXNUM?LCD1602
            CODE    1A7CH     004BH     UNIT         ?PR?_M500PCDCONFIGISOTYPE?RC522
            CODE    1AC7H     0047H     UNIT         ?PR?RFID_CHECK?MAIN
            CODE    1B0EH     0047H     UNIT         ?PR?T0ISR?MAIN
            CODE    1B55H     0041H     UNIT         ?PR?_LCD_SHOWBINNUM?LCD1602
            CODE    1B96H     0040H     UNIT         ?PR?_ESP8266_SENDDATA?WIFI_CONTROL
            CODE    1BD6H     003EH     UNIT         ?PR?PCDRESET?RC522
            CODE    1C14H     003CH     UNIT         ?PR?_AT24C02_READBYTE?AT24C02
            CODE    1C50H     0033H     UNIT         ?PR?_UART_SENDSTRING?UART
            CODE    1C83H     0032H     UNIT         ?PR?_I2C_SENDBYTE?I2C
            CODE    1CB5H     0030H     UNIT         ?PR?_AT24C02_WRITEBYTE?AT24C02
            CODE    1CE5H     002DH     UNIT         ?PR?_LCD_SHOWSTRING?LCD1602
            CODE    1D12H     0027H     UNIT         ?PR?MAIN?MAIN
            CODE    1D39H     0027H     UNIT         ?PR?I2C_RECEIVEBYTE?I2C
            CODE    1D60H     0024H     UNIT         ?PR?ESP8266_MODEINIT?WIFI_CONTROL
            CODE    1D84H     0023H     UNIT         ?PR?_LCD_WRITEDATA?LCD1602
            CODE    1DA7H     0023H     UNIT         ?PR?_LCD_SETCURSOR?LCD1602
            CODE    1DCAH     0023H     UNIT         ?PR?_LCD_SHOWNUM?LCD1602
            CODE    1DEDH     0016H     UNIT         ?PR?_LCD_STRING?LCD1602
            CODE    1E03H     0016H     UNIT         ?PR?UART_INIT?UART
            CODE    1E19H     0014H     UNIT         ?PR?LCD_INIT?LCD1602
            CODE    1E2DH     0013H     UNIT         ?PR?_CLEARBITMASK?RC522
            CODE    1E40H     0012H     UNIT         ?PR?PCDANTENNAON?RC522
            CODE    1E52H     0010H     UNIT         ?PR?TMR0INIT?MAIN
            CODE    1E62H     0010H     UNIT         ?PR?FANZHUAN?WIFI_CONTROL
            CODE    1E72H     0010H     UNIT         ?PR?ZHENGZHUAN?WIFI_CONTROL
            CODE    1E82H     000FH     UNIT         ?PR?LCD_DELAY?LCD1602
            CODE    1E91H     000EH     UNIT         ?PR?RFID_INIT?RC522
            CODE    1E9FH     000EH     UNIT         ?PR?_UART_SENDDATA?UART
BL51 BANKED LINKER/LOCATER V6.22.2.0                                                  06/06/2023  00:10:54  PAGE 3


            CODE    1EADH     000DH     UNIT         ?PR?_SETBITMASK?RC522
            CODE    1EBAH     000CH     UNIT         ?PR?I2C_RECEIVEACK?I2C
            CODE    1EC6H     000BH     UNIT         ?PR?_DELAY_10US?DELAY
            CODE    1ED1H     000AH     UNIT         ?PR?_LCD_WRITECOMMAND?LCD1602
            CODE    1EDBH     000AH     UNIT         ?PR?_LCD_SHOWCHAR?LCD1602
            CODE    1EE5H     000AH     UNIT         ?PR?_I2C_SENDACK?I2C
            CODE    1EEFH     0009H     UNIT         ?PR?I2C_START?I2C
            CODE    1EF8H     0007H     UNIT         ?PR?I2C_STOP?I2C
            CODE    1EFFH     0007H     UNIT         ?PR?PCDANTENNAOFF?RC522
            CODE    1F06H     0003H     UNIT         ?PR?WIFI_CONTROL_INIT?WIFI_CONTROL



OVERLAY MAP OF MODULE:   .\Objects\Project (MAIN)


SEGMENT                                      XDATA_GROUP
  +--> CALLED SEGMENT                      START    LENGTH
----------------------------------------------------------
?PR?UART_IRQN?WIFI_CONTROL                 -----    -----
  +--> ?PR?FANZHUAN?WIFI_CONTROL
  +--> ?PR?ZHENGZHUAN?WIFI_CONTROL
  +--> ?PR?_LCD_SHOWCHAR?LCD1602
  +--> ?CO?WIFI_CONTROL
  +--> ?PR?_LCD_SHOWSTRING?LCD1602

?PR?FANZHUAN?WIFI_CONTROL                  -----    -----
  +--> ?PR?_DELAY?DELAY

?PR?ZHENGZHUAN?WIFI_CONTROL                -----    -----
  +--> ?PR?_DELAY?DELAY

?PR?_LCD_SHOWCHAR?LCD1602                  -----    -----
  +--> ?PR?_LCD_SETCURSOR?LCD1602
  +--> ?PR?_LCD_WRITEDATA?LCD1602

?PR?_LCD_SETCURSOR?LCD1602                 -----    -----
  +--> ?PR?_LCD_WRITECOMMAND?LCD1602

?PR?_LCD_WRITECOMMAND?LCD1602              -----    -----
  +--> ?PR?LCD_DELAY?LCD1602

?PR?_LCD_WRITEDATA?LCD1602                 -----    -----
  +--> ?PR?LCD_DELAY?LCD1602

?PR?_LCD_SHOWSTRING?LCD1602                0005H    0003H
  +--> ?PR?_LCD_SETCURSOR?LCD1602
  +--> ?PR?_LCD_WRITEDATA?LCD1602

*** NEW ROOT ***************************************************

?C_C51STARTUP                              -----    -----
  +--> ?PR?MAIN?MAIN
  +--> ?C_INITSEG

?PR?MAIN?MAIN                              -----    -----
  +--> ?PR?LCD_INIT?LCD1602
BL51 BANKED LINKER/LOCATER V6.22.2.0                                                  06/06/2023  00:10:54  PAGE 4


  +--> ?PR?_LCD_SHOWSTRING?LCD1602
  +--> ?PR?UART_INIT?UART
  +--> ?PR?ESP8266_MODEINIT?WIFI_CONTROL
  +--> ?PR?LOCK_NUM?MAIN

?PR?LCD_INIT?LCD1602                       -----    -----
  +--> ?PR?_LCD_WRITECOMMAND?LCD1602

?PR?ESP8266_MODEINIT?WIFI_CONTROL          -----    -----
  +--> ?CO?WIFI_CONTROL
  +--> ?PR?_ESP8266_SENDCMD?WIFI_CONTROL

?PR?_ESP8266_SENDCMD?WIFI_CONTROL          0006H    0003H
  +--> ?PR?_UART_SENDDATA?UART
  +--> ?PR?_DELAY_10US?DELAY
  +--> ?PR?_DELAY?DELAY

?PR?LOCK_NUM?MAIN                          -----    -----
  +--> ?PR?_AT24C02_WRITEBYTE?AT24C02
  +--> ?PR?_DELAY?DELAY
  +--> ?PR?MATRIXKEY?MATRIXKEY
  +--> ?PR?_LCD_SHOWNUM?LCD1602
  +--> ?PR?_AT24C02_READBYTE?AT24C02
  +--> ?PR?FANZHUAN?WIFI_CONTROL
  +--> ?PR?ZHENGZHUAN?WIFI_CONTROL
  +--> ?PR?LCD_CLEAR?LCD1602
  +--> ?CO?MAIN
  +--> ?PR?_LCD_SHOWSTRING?LCD1602
  +--> ?PR?CHANGE_PASSWORD?MAIN
  +--> ?PR?WIFI_CONTROL_INIT?WIFI_CONTROL
  +--> ?PR?LCD_INIT?LCD1602
  +--> ?PR?_ESP8266_SENDDATA?WIFI_CONTROL
  +--> ?PR?CTRL_PROCESS?MAIN

?PR?_AT24C02_WRITEBYTE?AT24C02             0003H    0003H
  +--> ?PR?I2C_START?I2C
  +--> ?PR?_I2C_SENDBYTE?I2C
  +--> ?PR?I2C_RECEIVEACK?I2C
  +--> ?PR?I2C_STOP?I2C

?PR?MATRIXKEY?MATRIXKEY                    0005H    0001H
  +--> ?PR?_DELAY?DELAY

?PR?_LCD_SHOWNUM?LCD1602                   0003H    0005H
  +--> ?PR?_LCD_SETCURSOR?LCD1602
  +--> ?PR?_LCD_POW?LCD1602
  +--> ?PR?_LCD_WRITEDATA?LCD1602

?PR?_LCD_POW?LCD1602                       0008H    0006H

?PR?_AT24C02_READBYTE?AT24C02              0003H    0002H
  +--> ?PR?I2C_START?I2C
  +--> ?PR?_I2C_SENDBYTE?I2C
  +--> ?PR?I2C_RECEIVEACK?I2C
  +--> ?PR?I2C_RECEIVEBYTE?I2C
  +--> ?PR?_I2C_SENDACK?I2C
  +--> ?PR?I2C_STOP?I2C
BL51 BANKED LINKER/LOCATER V6.22.2.0                                                  06/06/2023  00:10:54  PAGE 5



?PR?LCD_CLEAR?LCD1602                      -----    -----
  +--> ?PR?_LCD_WRITECOMMAND?LCD1602
  +--> ?PR?LCD_DELAY?LCD1602

?PR?CHANGE_PASSWORD?MAIN                   -----    -----
  +--> ?PR?MATRIXKEY?MATRIXKEY
  +--> ?PR?_LCD_SHOWNUM?LCD1602
  +--> ?PR?_AT24C02_WRITEBYTE?AT24C02
  +--> ?PR?_DELAY?DELAY
  +--> ?CO?MAIN
  +--> ?PR?_LCD_SHOWSTRING?LCD1602

?PR?_ESP8266_SENDDATA?WIFI_CONTROL         0003H    0003H
  +--> ?CO?WIFI_CONTROL
  +--> ?PR?_ESP8266_SENDCMD?WIFI_CONTROL
  +--> ?PR?_UART_SENDDATA?UART
  +--> ?PR?_DELAY_10US?DELAY

?PR?CTRL_PROCESS?MAIN                      0003H    0001H
  +--> ?PR?TMR0INIT?MAIN
  +--> ?PR?RFID_INIT?RC522
  +--> ?PR?LCD_INIT?LCD1602
  +--> ?PR?_LCD_PAGE?MAIN
  +--> ?PR?_DELAY?DELAY
  +--> ?PR?RFID_CHECK?MAIN
  +--> ?PR?KEYSCAN?MAIN
  +--> ?PR?_PCDREQUEST?RC522
  +--> ?PR?_PCDANTICOLL?RC522

?PR?RFID_INIT?RC522                        -----    -----
  +--> ?PR?PCDRESET?RC522
  +--> ?PR?PCDANTENNAOFF?RC522
  +--> ?PR?PCDANTENNAON?RC522
  +--> ?PR?_M500PCDCONFIGISOTYPE?RC522

?PR?PCDRESET?RC522                         -----    -----
  +--> ?PR?_WRITERAWRC?RC522

?PR?PCDANTENNAOFF?RC522                    -----    -----
  +--> ?PR?_CLEARBITMASK?RC522

?PR?_CLEARBITMASK?RC522                    -----    -----
  +--> ?PR?_READRAWRC?RC522
  +--> ?PR?_WRITERAWRC?RC522

?PR?PCDANTENNAON?RC522                     -----    -----
  +--> ?PR?_READRAWRC?RC522
  +--> ?PR?_SETBITMASK?RC522

?PR?_SETBITMASK?RC522                      -----    -----
  +--> ?PR?_READRAWRC?RC522
  +--> ?PR?_WRITERAWRC?RC522

?PR?_M500PCDCONFIGISOTYPE?RC522            -----    -----
  +--> ?PR?_CLEARBITMASK?RC522
  +--> ?PR?_WRITERAWRC?RC522
BL51 BANKED LINKER/LOCATER V6.22.2.0                                                  06/06/2023  00:10:54  PAGE 6


  +--> ?PR?_DELAY?DELAY
  +--> ?PR?PCDANTENNAON?RC522

?PR?_LCD_PAGE?MAIN                         -----    -----
  +--> ?PR?LCD_CLEAR?LCD1602
  +--> ?CO?MAIN
  +--> ?PR?_SHOWID?MAIN
  +--> ?PR?_LCD_WRITECOMMAND?LCD1602
  +--> ?PR?_LCD_STRING?LCD1602
  +--> ?PR?_LCD_WRITEDATA?LCD1602
  +--> ?PR?_LCD_SHOWSTRING?LCD1602
  +--> ?PR?FANZHUAN?WIFI_CONTROL
  +--> ?PR?_DELAY?DELAY
  +--> ?PR?ZHENGZHUAN?WIFI_CONTROL

?PR?_SHOWID?MAIN                           0005H    0004H
  +--> ?PR?_LCD_WRITECOMMAND?LCD1602
  +--> ?CO?MAIN
  +--> ?PR?_LCD_STRING?LCD1602
  +--> ?PR?_LCD_WRITEDATA?LCD1602
  +--> ?PR?_DELAY?DELAY

?PR?_LCD_STRING?LCD1602                    -----    -----
  +--> ?PR?_LCD_WRITEDATA?LCD1602
  +--> ?PR?LCD_DELAY?LCD1602

?PR?RFID_CHECK?MAIN                        -----    -----
  +--> ?PR?RC522TEST?RC522
  +--> ?PR?_LCD_PAGE?MAIN
  +--> ?PR?_DELAY?DELAY

?PR?RC522TEST?RC522                        0004H    0001H
  +--> ?PR?_PCDREQUEST?RC522
  +--> ?PR?_PCDANTICOLL?RC522

?PR?_PCDREQUEST?RC522                      0005H    0018H
  +--> ?PR?_CLEARBITMASK?RC522
  +--> ?PR?_WRITERAWRC?RC522
  +--> ?PR?_SETBITMASK?RC522
  +--> ?PR?_PCDCOMMF522?RC522

?PR?_PCDCOMMF522?RC522                     001EH    0011H
  +--> ?PR?_WRITERAWRC?RC522
  +--> ?PR?_CLEARBITMASK?RC522
  +--> ?PR?_SETBITMASK?RC522
  +--> ?PR?_READRAWRC?RC522

?PR?_PCDANTICOLL?RC522                     0005H    0019H
  +--> ?PR?_CLEARBITMASK?RC522
  +--> ?PR?_WRITERAWRC?RC522
  +--> ?PR?_PCDCOMMF522?RC522
  +--> ?PR?_SETBITMASK?RC522

?PR?KEYSCAN?MAIN                           0004H    0001H
  +--> ?PR?MATRIXKEY?MATRIXKEY
  +--> ?PR?_LCD_PAGE?MAIN

BL51 BANKED LINKER/LOCATER V6.22.2.0                                                  06/06/2023  00:10:54  PAGE 7


?C_INITSEG                                 -----    -----
  +--> ?CO?MAIN



UNRESOLVED EXTERNAL SYMBOLS:
   ?_CALULATECRC?BYTE
   _CALULATECRC



SYMBOL TABLE OF MODULE:  .\Objects\Project (MAIN)

  VALUE           TYPE          NAME
  ----------------------------------

  -------         MODULE        MAIN
  C:0000H         SYMBOL        _ICE_DUMMY_
  C:1224H         PUBLIC        Change_Password
  D:00B0H         PUBLIC        P3
  B:00A8H.7       PUBLIC        EA
  X:002FH         PUBLIC        Count
  C:1E52H         PUBLIC        Tmr0init
  C:0A38H         PUBLIC        ctrl_process
  C:0026H         PUBLIC        Lock_Num
  X:0031H         PUBLIC        page
  X:0033H         PUBLIC        times
  C:1D12H         PUBLIC        main
  X:0035H         PUBLIC        LOCK
  C:1338H         PUBLIC        _ShowID
  X:0036H         PUBLIC        Num
  D:0089H         PUBLIC        TMOD
  X:0038H         PUBLIC        Disp0
  X:003AH         PUBLIC        Disp1
  X:003CH         PUBLIC        Disp2
  X:003EH         PUBLIC        Disp3
  X:0040H         PUBLIC        Disp4
  X:0042H         PUBLIC        Disp5
  X:0044H         PUBLIC        Disp6
  X:0046H         PUBLIC        Disp7
  B:00A8H.1       PUBLIC        ET0
  X:0048H         PUBLIC        Disp8
  X:004AH         PUBLIC        Disp9
  D:008CH         PUBLIC        TH0
  D:008AH         PUBLIC        TL0
  C:0E0EH         PUBLIC        _LCD_page
  C:1B0EH         PUBLIC        T0isr
  B:0088H.4       PUBLIC        TR0
  X:004CH         PUBLIC        Password
  X:004EH         PUBLIC        KeyNum
  X:004FH         PUBLIC        count0
  B:00B0H.7       PUBLIC        KEY_BACK
  X:0050H         PUBLIC        locktime
  C:1AC7H         PUBLIC        RFID_Check
  X:0052H         PUBLIC        cardnum
  C:0C3EH         PUBLIC        keyscan
  -------         PROC          MAIN
BL51 BANKED LINKER/LOCATER V6.22.2.0                                                  06/06/2023  00:10:54  PAGE 8


  C:1D12H         LINE#         73
  C:1D12H         LINE#         74
  C:1D12H         LINE#         75
  C:1D18H         LINE#         76
  C:1D1BH         LINE#         77
  C:1D2EH         LINE#         78
  C:1D31H         LINE#         79
  C:1D34H         LINE#         80
  C:1D34H         LINE#         81
  C:1D34H         LINE#         82
  C:1D37H         LINE#         83
  -------         ENDPROC       MAIN
  -------         PROC          LOCK_NUM
  C:0026H         LINE#         89
  C:0026H         LINE#         90
  C:0026H         LINE#         91
  C:0032H         LINE#         92
  C:0039H         LINE#         93
  C:0045H         LINE#         94
  C:004CH         LINE#         95
  C:0054H         LINE#         96
  C:0059H         LINE#         97
  C:0059H         LINE#         98
  C:0064H         LINE#         99
  C:0064H         LINE#         100
  C:0073H         LINE#         101
  C:0073H         LINE#         102
  C:008AH         LINE#         103
  C:009AH         LINE#         104
  C:00A8H         LINE#         105
  C:00A8H         LINE#         106
  C:00BDH         LINE#         107
  C:00BDH         LINE#         109
  C:00C8H         LINE#         110
  C:00C8H         LINE#         111
  C:00DAH         LINE#         112
  C:00DAH         LINE#         113
  C:00E7H         LINE#         114
  C:0100H         LINE#         115
  C:010CH         LINE#         116
  C:010CH         LINE#         117
  C:010FH         LINE#         118
  C:0116H         LINE#         119
  C:0119H         LINE#         120
  C:011CH         LINE#         122
  C:0129H         LINE#         123
  C:0130H         LINE#         124
  C:0136H         LINE#         125
  C:013BH         LINE#         126
  C:013BH         LINE#         127
  C:013EH         LINE#         129
  C:013EH         LINE#         130
  C:014CH         LINE#         131
  C:0159H         LINE#         132
  C:0160H         LINE#         133
  C:0163H         LINE#         134
  C:016AH         LINE#         135
BL51 BANKED LINKER/LOCATER V6.22.2.0                                                  06/06/2023  00:10:54  PAGE 9


  C:0171H         LINE#         136
  C:0177H         LINE#         137
  C:018AH         LINE#         138
  C:019DH         LINE#         139
  C:019DH         LINE#         140
  C:019FH         LINE#         142
  C:019FH         LINE#         143
  C:01A2H         LINE#         144
  C:01A9H         LINE#         145
  C:01B6H         LINE#         146
  C:01BDH         LINE#         147
  C:01C3H         LINE#         148
  C:01C9H         LINE#         149
  C:01C9H         LINE#         150
  C:01C9H         LINE#         151
  C:01D1H         LINE#         152
  C:01D1H         LINE#         153
  C:01D4H         LINE#         154
  C:01DBH         LINE#         155
  C:01E2H         LINE#         156
  C:01E8H         LINE#         157
  C:01FBH         LINE#         158
  C:0210H         LINE#         159
  C:0210H         LINE#         160
  C:021BH         LINE#         161
  C:021BH         LINE#         162
  C:0221H         LINE#         163
  C:0221H         LINE#         164
  C:0227H         LINE#         165
  C:022AH         LINE#         166
  C:0231H         LINE#         167
  C:023EH         LINE#         168
  C:0241H         LINE#         169
  C:0244H         LINE#         170
  C:024BH         LINE#         171
  C:025EH         LINE#         172
  C:0273H         LINE#         173
  C:0275H         LINE#         175
  C:0275H         LINE#         176
  C:027CH         LINE#         177
  C:0289H         LINE#         178
  C:0290H         LINE#         179
  C:0293H         LINE#         180
  C:029AH         LINE#         181
  C:02ADH         LINE#         182
  C:02C0H         LINE#         183
  C:02C0H         LINE#         184
  C:02C0H         LINE#         185
  C:02C8H         LINE#         186
  C:02C8H         LINE#         187
  C:02D4H         LINE#         188
  C:02EFH         LINE#         189
  C:02FCH         LINE#         190
  C:0303H         LINE#         191
  C:0310H         LINE#         192
  C:0317H         LINE#         193
  C:031EH         LINE#         194
BL51 BANKED LINKER/LOCATER V6.22.2.0                                                  06/06/2023  00:10:54  PAGE 10


  C:0324H         LINE#         195
  C:0337H         LINE#         196
  C:0337H         LINE#         197
  C:033FH         LINE#         198
  C:033FH         LINE#         200
  C:0342H         LINE#         201
  C:0345H         LINE#         202
  C:034EH         LINE#         204
  C:034EH         LINE#         205
  C:0356H         LINE#         206
  C:0356H         LINE#         207
  C:0359H         LINE#         208
  C:0359H         LINE#         209
  C:0359H         LINE#         210
  -------         ENDPROC       LOCK_NUM
  -------         PROC          CHANGE_PASSWORD
  C:1224H         LINE#         212
  C:1224H         LINE#         213
  C:1224H         LINE#         214
  C:1224H         LINE#         215
  C:1224H         LINE#         216
  C:122DH         LINE#         217
  C:122DH         LINE#         218
  C:1235H         LINE#         219
  C:1237H         LINE#         220
  C:1237H         LINE#         221
  C:1242H         LINE#         222
  C:1242H         LINE#         223
  C:1251H         LINE#         224
  C:1251H         LINE#         225
  C:1268H         LINE#         226
  C:1278H         LINE#         227
  C:1286H         LINE#         228
  C:1286H         LINE#         229
  C:129BH         LINE#         230
  C:129BH         LINE#         231
  C:12A3H         LINE#         232
  C:12A3H         LINE#         233
  C:12B3H         LINE#         234
  C:12BBH         LINE#         235
  C:12C2H         LINE#         236
  C:12CEH         LINE#         237
  C:12D5H         LINE#         238
  C:12E2H         LINE#         239
  C:12E9H         LINE#         240
  C:12F0H         LINE#         241
  C:12F5H         LINE#         242
  C:12F5H         LINE#         243
  C:1300H         LINE#         244
  C:1300H         LINE#         245
  C:1306H         LINE#         246
  C:130CH         LINE#         247
  C:1319H         LINE#         248
  C:132EH         LINE#         249
  C:132EH         LINE#         250
  C:132EH         LINE#         251
  C:1331H         LINE#         253
BL51 BANKED LINKER/LOCATER V6.22.2.0                                                  06/06/2023  00:10:54  PAGE 11


  C:1331H         LINE#         254
  C:1331H         LINE#         255
  -------         ENDPROC       CHANGE_PASSWORD
  -------         PROC          CTRL_PROCESS
  -------         DO            
  X:0003H         SYMBOL        tempcard
  -------         ENDDO         
  C:0A38H         LINE#         258
  C:0A38H         LINE#         259
  C:0A38H         LINE#         261
  C:0A3FH         LINE#         262
  C:0A42H         LINE#         263
  C:0A45H         LINE#         264
  C:0A48H         LINE#         265
  C:0A4DH         LINE#         270
  C:0A4DH         LINE#         271
  C:0A4DH         LINE#         272
  C:0A54H         LINE#         273
  C:0A6BH         LINE#         274
  C:0A6BH         LINE#         275
  C:0A6EH         LINE#         276
  C:0A6EH         LINE#         277
  C:0A71H         LINE#         278
  C:0A80H         LINE#         279
  C:0A80H         LINE#         280
  C:0AA8H         LINE#         281
  C:0AD1H         LINE#         282
  C:0AFBH         LINE#         283
  C:0B23H         LINE#         285
  C:0B32H         LINE#         286
  C:0B32H         LINE#         287
  C:0B38H         LINE#         288
  C:0B3EH         LINE#         289
  C:0B50H         LINE#         290
  C:0B50H         LINE#         291
  C:0B60H         LINE#         292
  C:0B60H         LINE#         293
  C:0B71H         LINE#         294
  C:0B71H         LINE#         295
  C:0B99H         LINE#         296
  C:0BC1H         LINE#         297
  C:0BE9H         LINE#         298
  C:0C15H         LINE#         299
  C:0C15H         LINE#         300
  C:0C15H         LINE#         301
  C:0C15H         LINE#         302
  C:0C15H         LINE#         303
  C:0C15H         LINE#         304
  C:0C1EH         LINE#         305
  C:0C1EH         LINE#         306
  C:0C2DH         LINE#         307
  C:0C2DH         LINE#         309
  C:0C34H         LINE#         310
  C:0C3BH         LINE#         311
  C:0C3BH         LINE#         312
  -------         ENDPROC       CTRL_PROCESS
  -------         PROC          TMR0INIT
BL51 BANKED LINKER/LOCATER V6.22.2.0                                                  06/06/2023  00:10:54  PAGE 12


  C:1E52H         LINE#         316
  C:1E52H         LINE#         317
  C:1E52H         LINE#         318
  C:1E55H         LINE#         319
  C:1E58H         LINE#         320
  C:1E5BH         LINE#         321
  C:1E5DH         LINE#         322
  C:1E5FH         LINE#         323
  C:1E61H         LINE#         324
  -------         ENDPROC       TMR0INIT
  -------         PROC          RFID_CHECK
  C:1AC7H         LINE#         326
  C:1AC7H         LINE#         327
  C:1AC7H         LINE#         328
  C:1ACFH         LINE#         329
  C:1AD5H         LINE#         330
  C:1AD5H         LINE#         331
  C:1ADAH         LINE#         333
  C:1ADCH         LINE#         334
  C:1AFDH         LINE#         335
  C:1AFDH         LINE#         336
  C:1B02H         LINE#         337
  C:1B07H         LINE#         339
  C:1B07H         LINE#         340
  -------         ENDPROC       RFID_CHECK
  -------         PROC          _LCD_PAGE
  D:0007H         SYMBOL        pagenum
  C:0E0EH         LINE#         343
  C:0E0EH         LINE#         344
  C:0E0EH         LINE#         345
  C:0E37H         LINE#         346
  C:0E37H         LINE#         347
  C:0E37H         LINE#         348
  C:0E37H         LINE#         349
  C:0E3AH         LINE#         350
  C:0E42H         LINE#         351
  C:0E45H         LINE#         352
  C:0E45H         LINE#         353
  C:0E45H         LINE#         354
  C:0E48H         LINE#         355
  C:0E4BH         LINE#         356
  C:0E50H         LINE#         357
  C:0E5FH         LINE#         358
  C:0E69H         LINE#         359
  C:0E7CH         LINE#         360
  C:0E7FH         LINE#         361
  C:0E86H         LINE#         362
  C:0E89H         LINE#         363
  C:0E89H         LINE#         364
  C:0E89H         LINE#         365
  C:0E89H         LINE#         366
  C:0E8CH         LINE#         367
  C:0E8FH         LINE#         368
  C:0EA2H         LINE#         369
  C:0EA9H         LINE#         370
  C:0EA9H         LINE#         371
  C:0EA9H         LINE#         372
BL51 BANKED LINKER/LOCATER V6.22.2.0                                                  06/06/2023  00:10:54  PAGE 13


  C:0EA9H         LINE#         373
  C:0EACH         LINE#         374
  C:0EBAH         LINE#         375
  C:0EBDH         LINE#         376
  C:0EBDH         LINE#         377
  C:0EBDH         LINE#         378
  C:0EC0H         LINE#         379
  C:0ECEH         LINE#         380
  C:0ED1H         LINE#         381
  C:0ED1H         LINE#         382
  C:0ED1H         LINE#         383
  C:0ED4H         LINE#         384
  C:0EE2H         LINE#         385
  C:0EE5H         LINE#         386
  C:0EE5H         LINE#         387
  C:0EE5H         LINE#         388
  C:0EE8H         LINE#         389
  C:0EFBH         LINE#         390
  C:0F00H         LINE#         391
  C:0F0FH         LINE#         392
  C:0F11H         LINE#         393
  C:0F14H         LINE#         394
  C:0F14H         LINE#         395
  C:0F14H         LINE#         396
  C:0F17H         LINE#         397
  C:0F2AH         LINE#         398
  C:0F2FH         LINE#         399
  C:0F3EH         LINE#         400
  C:0F40H         LINE#         401
  C:0F42H         LINE#         402
  C:0F42H         LINE#         403
  C:0F42H         LINE#         404
  C:0F45H         LINE#         405
  C:0F58H         LINE#         406
  C:0F5DH         LINE#         407
  C:0F6CH         LINE#         408
  C:0F6EH         LINE#         409
  C:0F70H         LINE#         410
  C:0F70H         LINE#         411
  C:0F70H         LINE#         412
  C:0F73H         LINE#         413
  C:0F86H         LINE#         414
  C:0F8BH         LINE#         415
  C:0F9AH         LINE#         416
  C:0F9FH         LINE#         417
  C:0F9FH         LINE#         418
  C:0F9FH         LINE#         419
  C:0F9FH         LINE#         420
  C:0FA2H         LINE#         421
  C:0FB5H         LINE#         422
  C:0FB5H         LINE#         423
  C:0FB5H         LINE#         424
  C:0FB5H         LINE#         425
  -------         ENDPROC       _LCD_PAGE
  -------         PROC          L?0148
  -------         ENDPROC       L?0148
  -------         PROC          _SHOWID
BL51 BANKED LINKER/LOCATER V6.22.2.0                                                  06/06/2023  00:10:54  PAGE 14


  X:0005H         SYMBOL        p
  -------         DO            
  X:0008H         SYMBOL        i
  -------         ENDDO         
  C:1338H         LINE#         428
  C:1343H         LINE#         429
  C:1343H         LINE#         431
  C:1348H         LINE#         432
  C:1351H         LINE#         433
  C:1367H         LINE#         434
  C:1367H         LINE#         435
  C:13AAH         LINE#         436
  C:13EDH         LINE#         437
  C:13F4H         LINE#         438
  C:13FDH         LINE#         439
  -------         ENDPROC       _SHOWID
  -------         PROC          KEYSCAN
  -------         DO            
  X:0004H         SYMBOL        i
  -------         ENDDO         
  C:0C3EH         LINE#         442
  C:0C3EH         LINE#         443
  C:0C3EH         LINE#         445
  C:0C46H         LINE#         446
  C:0C4BH         LINE#         447
  C:0C4BH         LINE#         448
  C:0C53H         LINE#         449
  C:0C53H         LINE#         450
  C:0C62H         LINE#         451
  C:0C62H         LINE#         452
  C:0C68H         LINE#         453
  C:0C68H         LINE#         454
  C:0C68H         LINE#         455
  C:0C6EH         LINE#         456
  C:0C6EH         LINE#         457
  C:0C85H         LINE#         458
  C:0C93H         LINE#         459
  C:0CAAH         LINE#         460
  C:0CBAH         LINE#         461
  C:0CCAH         LINE#         462
  C:0CD8H         LINE#         463
  C:0CD8H         LINE#         464
  C:0CE3H         LINE#         465
  C:0CE3H         LINE#         466
  C:0CEFH         LINE#         467
  C:0CEFH         LINE#         468
  C:0D01H         LINE#         469
  C:0D01H         LINE#         470
  C:0D0DH         LINE#         471
  C:0D15H         LINE#         472
  C:0D1EH         LINE#         473
  C:0D1EH         LINE#         474
  C:0D2AH         LINE#         475
  C:0D2AH         LINE#         476
  C:0D3CH         LINE#         477
  C:0D3CH         LINE#         478
  C:0D48H         LINE#         479
BL51 BANKED LINKER/LOCATER V6.22.2.0                                                  06/06/2023  00:10:54  PAGE 15


  C:0D50H         LINE#         480
  C:0D59H         LINE#         481
  C:0D59H         LINE#         482
  C:0D65H         LINE#         483
  C:0D65H         LINE#         484
  C:0D77H         LINE#         485
  C:0D77H         LINE#         486
  C:0D83H         LINE#         487
  C:0D8BH         LINE#         488
  C:0D94H         LINE#         489
  C:0D94H         LINE#         490
  C:0DA0H         LINE#         491
  C:0DA0H         LINE#         492
  C:0DB2H         LINE#         493
  C:0DB2H         LINE#         494
  C:0DBEH         LINE#         495
  C:0DC6H         LINE#         496
  C:0DCFH         LINE#         497
  C:0DCFH         LINE#         498
  C:0DE3H         LINE#         499
  C:0DF7H         LINE#         501
  C:0DF7H         LINE#         502
  C:0DFFH         LINE#         503
  C:0DFFH         LINE#         504
  C:0E05H         LINE#         505
  C:0E05H         LINE#         507
  C:0E05H         LINE#         509
  -------         ENDPROC       KEYSCAN
  -------         PROC          T0ISR
  C:1B0EH         LINE#         514
  C:1B16H         LINE#         516
  C:1B19H         LINE#         517
  C:1B1CH         LINE#         518
  C:1B22H         LINE#         519
  C:1B22H         LINE#         520
  C:1B30H         LINE#         521
  C:1B3FH         LINE#         522
  C:1B3FH         LINE#         523
  C:1B45H         LINE#         524
  C:1B4CH         LINE#         525
  C:1B4CH         LINE#         526
  C:1B4CH         LINE#         527
  -------         ENDPROC       T0ISR
  -------         ENDMOD        MAIN

  -------         MODULE        DELAY
  C:0000H         SYMBOL        _ICE_DUMMY_
  C:1EC6H         PUBLIC        _delay_10us
  C:000EH         PUBLIC        _Delay
  -------         PROC          _DELAY
  D:0006H         SYMBOL        xms
  -------         DO            
  D:0005H         SYMBOL        i
  D:0004H         SYMBOL        j
  -------         ENDDO         
  C:000EH         LINE#         2
  C:000EH         LINE#         3
BL51 BANKED LINKER/LOCATER V6.22.2.0                                                  06/06/2023  00:10:54  PAGE 16


  C:000EH         LINE#         5
  C:0018H         LINE#         6
  C:0018H         LINE#         7
  C:001AH         LINE#         8
  C:001CH         LINE#         10
  C:001CH         LINE#         11
  C:001EH         LINE#         12
  C:0020H         LINE#         13
  C:0022H         LINE#         14
  -------         ENDPROC       _DELAY
  -------         PROC          _DELAY_10US
  D:0006H         SYMBOL        ten_us
  C:1EC6H         LINE#         22
  C:1EC6H         LINE#         23
  C:1EC6H         LINE#         24
  C:1ED0H         LINE#         25
  -------         ENDPROC       _DELAY_10US
  -------         ENDMOD        DELAY

  -------         MODULE        LCD1602
  C:0000H         SYMBOL        _ICE_DUMMY_
  D:0080H         PUBLIC        P0
  D:00A0H         PUBLIC        P2
  C:1ED1H         PUBLIC        _LCD_WriteCommand
  C:1DCAH         PUBLIC        _LCD_ShowNum
  C:0003H         PUBLIC        LCD_Clear
  C:1B55H         PUBLIC        _LCD_ShowBinNum
  C:1E88H         PUBLIC        LCD_Delay
  C:1DEDH         PUBLIC        _LCD_String
  C:1A2DH         PUBLIC        _LCD_ShowHexNum
  C:1D9DH         PUBLIC        _LCD_WriteData
  B:00A0H.7       PUBLIC        LCD_EN
  C:1E19H         PUBLIC        LCD_Init
  C:1CE5H         PUBLIC        _LCD_ShowString
  C:1EDBH         PUBLIC        _LCD_ShowChar
  B:00A0H.6       PUBLIC        LCD_RS
  B:00A0H.5       PUBLIC        LCD_RW
  C:1DACH         PUBLIC        _LCD_SetCursor
  C:1983H         PUBLIC        _LCD_ShowSignedNum
  C:187CH         PUBLIC        _LCD_Pow
  -------         PROC          L?0054
  -------         ENDPROC       L?0054
  -------         PROC          LCD_DELAY
  -------         DO            
  D:0007H         SYMBOL        i
  D:0006H         SYMBOL        j
  -------         ENDDO         
  C:1E88H         LINE#         16
  C:1E88H         LINE#         17
  C:1E88H         LINE#         20
  C:1E8AH         LINE#         21
  C:1E8CH         LINE#         23
  C:1E8CH         LINE#         24
  C:1E8EH         LINE#         26
  C:1E90H         LINE#         27
  -------         ENDPROC       LCD_DELAY
  -------         PROC          _LCD_WRITECOMMAND
BL51 BANKED LINKER/LOCATER V6.22.2.0                                                  06/06/2023  00:10:54  PAGE 17


  D:0007H         SYMBOL        Command
  C:1ED1H         LINE#         34
  C:1ED1H         LINE#         35
  C:1ED1H         LINE#         36
  C:1ED3H         LINE#         37
  C:1ED3H         LINE#         38
  C:1ED3H         LINE#         39
  C:1ED3H         LINE#         40
  C:1ED6H         LINE#         41
  C:1ED8H         LINE#         42
  -------         ENDPROC       _LCD_WRITECOMMAND
  -------         PROC          L?0050
  -------         ENDPROC       L?0050
  -------         PROC          _LCD_WRITEDATA
  D:0007H         SYMBOL        Data
  C:1D9DH         LINE#         50
  C:1D9DH         LINE#         51
  C:1D9DH         LINE#         52
  C:1D9FH         LINE#         53
  C:1D9FH         LINE#         54
  C:1D9FH         LINE#         55
  C:1D9FH         LINE#         56
  C:1DA2H         LINE#         57
  C:1DA4H         LINE#         58
  -------         ENDPROC       _LCD_WRITEDATA
  C:1DA7H         SYMBOL        L?0053
  -------         PROC          L?0052
  -------         ENDPROC       L?0052
  C:1DA7H         SYMBOL        L?0053
  -------         PROC          _LCD_SETCURSOR
  D:0006H         SYMBOL        Line
  D:0005H         SYMBOL        Column
  C:1DACH         LINE#         67
  C:1DAEH         LINE#         68
  C:1DAEH         LINE#         69
  C:1DB6H         LINE#         70
  C:1DB6H         LINE#         71
  C:1DB8H         LINE#         72
  C:1DBAH         LINE#         73
  C:1DC0H         LINE#         74
  C:1DC0H         LINE#         75
  C:1DC9H         LINE#         76
  C:1DC9H         LINE#         77
  -------         ENDPROC       _LCD_SETCURSOR
  -------         PROC          LCD_INIT
  C:1E19H         LINE#         84
  C:1E19H         LINE#         85
  C:1E19H         LINE#         86
  C:1E1EH         LINE#         87
  C:1E23H         LINE#         88
  C:1E28H         LINE#         89
  -------         ENDPROC       LCD_INIT
  -------         PROC          LCD_CLEAR
  C:0003H         LINE#         97
  C:0003H         LINE#         98
  C:0003H         LINE#         99
  C:0008H         LINE#         100
BL51 BANKED LINKER/LOCATER V6.22.2.0                                                  06/06/2023  00:10:54  PAGE 18


  -------         ENDPROC       LCD_CLEAR
  -------         PROC          _LCD_SHOWCHAR
  D:0007H         SYMBOL        Line
  D:0005H         SYMBOL        Column
  D:0004H         SYMBOL        Char
  C:1EDBH         LINE#         110
  C:1EDDH         LINE#         111
  C:1EDDH         LINE#         112
  C:1EE0H         LINE#         113
  -------         ENDPROC       _LCD_SHOWCHAR
  -------         PROC          _LCD_SHOWSTRING
  D:0007H         SYMBOL        Line
  D:0005H         SYMBOL        Column
  X:0005H         SYMBOL        String
  -------         DO            
  D:0005H         SYMBOL        i
  -------         ENDDO         
  C:1CE5H         LINE#         123
  C:1CF0H         LINE#         124
  C:1CF0H         LINE#         126
  C:1CF3H         LINE#         127
  C:1D0BH         LINE#         128
  C:1D0BH         LINE#         129
  C:1D0EH         LINE#         130
  C:1D11H         LINE#         131
  -------         ENDPROC       _LCD_SHOWSTRING
  -------         PROC          _LCD_STRING
  D:0001H         SYMBOL        str
  C:1DEDH         LINE#         134
  C:1DEDH         LINE#         135
  C:1DEDH         LINE#         136
  C:1DF3H         LINE#         137
  C:1DF3H         LINE#         138
  C:1DF6H         LINE#         139
  C:1DF9H         LINE#         140
  C:1E00H         LINE#         141
  C:1E02H         LINE#         142
  -------         ENDPROC       _LCD_STRING
  -------         PROC          L?0051
  -------         ENDPROC       L?0051
  -------         PROC          _LCD_POW
  X:0008H         SYMBOL        X
  X:000AH         SYMBOL        Y
  -------         DO            
  D:0003H         SYMBOL        i
  X:000CH         SYMBOL        Result
  -------         ENDDO         
  C:187CH         LINE#         147
  C:188AH         LINE#         148
  C:188AH         LINE#         150
  C:1890H         LINE#         151
  C:18A6H         LINE#         152
  C:18A6H         LINE#         153
  C:18C1H         LINE#         154
  C:18C4H         LINE#         155
  C:18CCH         LINE#         156
  -------         ENDPROC       _LCD_POW
BL51 BANKED LINKER/LOCATER V6.22.2.0                                                  06/06/2023  00:10:54  PAGE 19


  -------         PROC          _LCD_SHOWNUM
  D:0007H         SYMBOL        Line
  D:0005H         SYMBOL        Column
  X:0005H         SYMBOL        Number
  X:0007H         SYMBOL        Length
  -------         DO            
  D:0002H         SYMBOL        i
  -------         ENDDO         
  C:1DCAH         LINE#         166
  C:1DCDH         LINE#         167
  C:1DCDH         LINE#         169
  C:1DD0H         LINE#         170
  C:1DE0H         LINE#         171
  C:1DE0H         LINE#         172
  C:1DE9H         LINE#         173
  C:1DECH         LINE#         174
  -------         ENDPROC       _LCD_SHOWNUM
  -------         PROC          _LCD_SHOWSIGNEDNUM
  D:0007H         SYMBOL        Line
  D:0005H         SYMBOL        Column
  X:0092H         SYMBOL        Number
  X:0094H         SYMBOL        Length
  -------         DO            
  D:0002H         SYMBOL        i
  X:0095H         SYMBOL        Number1
  -------         ENDDO         
  C:1983H         LINE#         184
  C:1986H         LINE#         185
  C:1986H         LINE#         188
  C:1989H         LINE#         189
  C:1994H         LINE#         190
  C:1994H         LINE#         191
  C:1999H         LINE#         192
  C:19A1H         LINE#         193
  C:19A3H         LINE#         195
  C:19A3H         LINE#         196
  C:19A8H         LINE#         197
  C:19BDH         LINE#         198
  C:19BDH         LINE#         199
  C:19CFH         LINE#         200
  C:19CFH         LINE#         201
  C:19D8H         LINE#         202
  C:19DBH         LINE#         203
  -------         ENDPROC       _LCD_SHOWSIGNEDNUM
  -------         PROC          _LCD_SHOWHEXNUM
  D:0007H         SYMBOL        Line
  D:0005H         SYMBOL        Column
  X:00A0H         SYMBOL        Number
  X:00A2H         SYMBOL        Length
  -------         DO            
  D:0002H         SYMBOL        i
  D:0006H         SYMBOL        SingleNumber
  -------         ENDDO         
  C:1A2DH         LINE#         213
  C:1A30H         LINE#         214
  C:1A30H         LINE#         216
  C:1A33H         LINE#         217
BL51 BANKED LINKER/LOCATER V6.22.2.0                                                  06/06/2023  00:10:54  PAGE 20


  C:1A40H         LINE#         218
  C:1A40H         LINE#         219
  C:1A64H         LINE#         220
  C:1A6EH         LINE#         221
  C:1A6EH         LINE#         222
  C:1A70H         LINE#         223
  C:1A72H         LINE#         225
  C:1A72H         LINE#         226
  C:1A78H         LINE#         227
  C:1A78H         LINE#         228
  C:1A7BH         LINE#         229
  -------         ENDPROC       _LCD_SHOWHEXNUM
  -------         PROC          _LCD_SHOWBINNUM
  D:0007H         SYMBOL        Line
  D:0005H         SYMBOL        Column
  X:00A5H         SYMBOL        Number
  X:00A7H         SYMBOL        Length
  -------         DO            
  D:0002H         SYMBOL        i
  -------         ENDDO         
  C:1B55H         LINE#         239
  C:1B58H         LINE#         240
  C:1B58H         LINE#         242
  C:1B5BH         LINE#         243
  C:1B6BH         LINE#         244
  C:1B6BH         LINE#         245
  C:1B92H         LINE#         246
  C:1B95H         LINE#         247
  -------         ENDPROC       _LCD_SHOWBINNUM
  -------         ENDMOD        LCD1602

  -------         MODULE        AT24C02
  C:0000H         SYMBOL        _ICE_DUMMY_
  C:1C14H         PUBLIC        _AT24C02_ReadByte
  C:1CB5H         PUBLIC        _AT24C02_WriteByte
  -------         PROC          _AT24C02_WRITEBYTE
  X:0003H         SYMBOL        WordAddress
  X:0004H         SYMBOL        Data
  C:1CB5H         LINE#         12
  C:1CC0H         LINE#         13
  C:1CC0H         LINE#         14
  C:1CC3H         LINE#         15
  C:1CC8H         LINE#         16
  C:1CCBH         LINE#         17
  C:1CD3H         LINE#         18
  C:1CD6H         LINE#         19
  C:1CDFH         LINE#         20
  C:1CE2H         LINE#         21
  -------         ENDPROC       _AT24C02_WRITEBYTE
  -------         PROC          _AT24C02_READBYTE
  X:0003H         SYMBOL        WordAddress
  -------         DO            
  X:0004H         SYMBOL        Data
  -------         ENDDO         
  C:1C14H         LINE#         29
  C:1C19H         LINE#         30
  C:1C19H         LINE#         32
BL51 BANKED LINKER/LOCATER V6.22.2.0                                                  06/06/2023  00:10:54  PAGE 21


  C:1C1CH         LINE#         33
  C:1C21H         LINE#         34
  C:1C24H         LINE#         35
  C:1C2CH         LINE#         36
  C:1C2FH         LINE#         37
  C:1C32H         LINE#         38
  C:1C37H         LINE#         39
  C:1C3AH         LINE#         40
  C:1C42H         LINE#         41
  C:1C47H         LINE#         42
  C:1C4AH         LINE#         43
  C:1C4FH         LINE#         44
  -------         ENDPROC       _AT24C02_READBYTE
  -------         ENDMOD        AT24C02

  -------         MODULE        I2C
  C:0000H         SYMBOL        _ICE_DUMMY_
  B:00A0H.1       PUBLIC        I2C_SCL
  D:00A0H         PUBLIC        P2
  C:1EEFH         PUBLIC        I2C_Start
  C:1EE5H         PUBLIC        _I2C_SendAck
  C:1C83H         PUBLIC        _I2C_SendByte
  C:1EF8H         PUBLIC        I2C_Stop
  C:1EBAH         PUBLIC        I2C_ReceiveAck
  B:00A0H.0       PUBLIC        I2C_SDA
  C:1D39H         PUBLIC        I2C_ReceiveByte
  -------         PROC          I2C_START
  C:1EEFH         LINE#         11
  C:1EEFH         LINE#         12
  C:1EEFH         LINE#         13
  C:1EF1H         LINE#         14
  C:1EF3H         LINE#         15
  C:1EF5H         LINE#         16
  C:1EF7H         LINE#         17
  -------         ENDPROC       I2C_START
  -------         PROC          I2C_STOP
  C:1EF8H         LINE#         24
  C:1EF8H         LINE#         25
  C:1EF8H         LINE#         26
  C:1EFAH         LINE#         27
  C:1EFCH         LINE#         28
  C:1EFEH         LINE#         29
  -------         ENDPROC       I2C_STOP
  -------         PROC          _I2C_SENDBYTE
  D:0005H         SYMBOL        Byte
  -------         DO            
  D:0003H         SYMBOL        i
  -------         ENDDO         
  C:1C83H         LINE#         36
  C:1C85H         LINE#         37
  C:1C85H         LINE#         39
  C:1C91H         LINE#         40
  C:1C91H         LINE#         41
  C:1CADH         LINE#         42
  C:1CAFH         LINE#         43
  C:1CB1H         LINE#         44
  C:1CB4H         LINE#         45
BL51 BANKED LINKER/LOCATER V6.22.2.0                                                  06/06/2023  00:10:54  PAGE 22


  -------         ENDPROC       _I2C_SENDBYTE
  -------         PROC          I2C_RECEIVEBYTE
  -------         DO            
  D:0006H         SYMBOL        i
  D:0007H         SYMBOL        Byte
  -------         ENDDO         
  C:1D39H         LINE#         52
  C:1D39H         LINE#         53
  C:1D39H         LINE#         54
  C:1D3BH         LINE#         55
  C:1D3DH         LINE#         56
  C:1D48H         LINE#         57
  C:1D48H         LINE#         58
  C:1D4AH         LINE#         59
  C:1D4DH         LINE#         60
  C:1D4DH         LINE#         61
  C:1D5AH         LINE#         62
  C:1D5AH         LINE#         63
  C:1D5CH         LINE#         64
  C:1D5FH         LINE#         65
  C:1D5FH         LINE#         66
  -------         ENDPROC       I2C_RECEIVEBYTE
  -------         PROC          _I2C_SENDACK
  D:0007H         SYMBOL        AckBit
  C:1EE5H         LINE#         73
  C:1EE5H         LINE#         74
  C:1EE5H         LINE#         75
  C:1EEAH         LINE#         76
  C:1EECH         LINE#         77
  C:1EEEH         LINE#         78
  -------         ENDPROC       _I2C_SENDACK
  -------         PROC          I2C_RECEIVEACK
  -------         DO            
  D:0007H         SYMBOL        AckBit
  -------         ENDDO         
  C:1EBAH         LINE#         85
  C:1EBAH         LINE#         86
  C:1EBAH         LINE#         88
  C:1EBCH         LINE#         89
  C:1EBEH         LINE#         90
  C:1EC3H         LINE#         91
  C:1EC5H         LINE#         92
  C:1EC5H         LINE#         93
  -------         ENDPROC       I2C_RECEIVEACK
  -------         ENDMOD        I2C

  -------         MODULE        MATRIXKEY
  C:0000H         SYMBOL        _ICE_DUMMY_
  D:0090H         PUBLIC        P1
  C:157BH         PUBLIC        MatrixKey
  -------         PROC          MATRIXKEY
  -------         DO            
  X:0005H         SYMBOL        KeyNumber
  -------         ENDDO         
  C:157BH         LINE#         10
  C:157BH         LINE#         11
  C:157BH         LINE#         12
BL51 BANKED LINKER/LOCATER V6.22.2.0                                                  06/06/2023  00:10:54  PAGE 23


  C:1580H         LINE#         14
  C:1583H         LINE#         15
  C:158DH         LINE#         16
  C:158DH         LINE#         17
  C:1594H         LINE#         18
  C:159BH         LINE#         19
  C:159BH         LINE#         21
  C:159EH         LINE#         22
  C:15B0H         LINE#         23
  C:15B0H         LINE#         24
  C:15B8H         LINE#         25
  C:15C0H         LINE#         26
  C:15C8H         LINE#         27
  C:15CEH         LINE#         28
  C:15CEH         LINE#         30
  C:15D1H         LINE#         31
  C:15E4H         LINE#         32
  C:15E4H         LINE#         33
  C:15EBH         LINE#         34
  C:15F4H         LINE#         35
  C:15FDH         LINE#         36
  C:1604H         LINE#         37
  C:1604H         LINE#         38
  C:160DH         LINE#         39
  C:160DH         LINE#         40
  C:160DH         LINE#         42
  C:1612H         LINE#         44
  C:1617H         LINE#         45
  -------         ENDPROC       MATRIXKEY
  -------         ENDMOD        MATRIXKEY

  -------         MODULE        RC522
  C:0000H         SYMBOL        _ICE_DUMMY_
  C:1EFFH         PUBLIC        PcdAntennaOff
  B:00B0H.2       PUBLIC        MF522_NSS
  D:00B0H         PUBLIC        P3
  C:16A4H         PUBLIC        _PcdRequest
  B:00B0H.6       PUBLIC        MF522_RST
  X:006CH         PUBLIC        Temp
  C:0FB6H         PUBLIC        _PcdValue
  C:1E32H         PUBLIC        _ClearBitMask
  C:1E91H         PUBLIC        RFID_Init
  C:1BD6H         PUBLIC        PcdReset
  C:1E40H         PUBLIC        PcdAntennaOn
  B:00B0H.4       PUBLIC        MF522_SI
  B:00B0H.5       PUBLIC        MF522_SO
  C:181CH         PUBLIC        _ReadRawRC
  C:1928H         PUBLIC        _Compare
  X:0070H         PUBLIC        UI0
  X:0074H         PUBLIC        UI1
  X:0078H         PUBLIC        UI2
  C:18D1H         PUBLIC        _WriteRawRC
  X:007CH         PUBLIC        UI3
  C:13FEH         PUBLIC        _PcdAnticoll
  C:1EADH         PUBLIC        _SetBitMask
  X:0080H         PUBLIC        UID
  C:0840H         PUBLIC        _PcdComMF522
BL51 BANKED LINKER/LOCATER V6.22.2.0                                                  06/06/2023  00:10:54  PAGE 24


  C:1A7CH         PUBLIC        _M500PcdConfigISOType
  B:00B0H.3       PUBLIC        MF522_SCK
  C:1101H         PUBLIC        Rc522Test
  -------         PROC          _PCDREQUEST
  X:0005H         SYMBOL        req_code
  X:0006H         SYMBOL        pTagType
  -------         DO            
  D:0007H         SYMBOL        status
  X:0009H         SYMBOL        unLen
  X:000BH         SYMBOL        ucComMF522Buf
  -------         ENDDO         
  C:16A4H         LINE#         49
  C:16B1H         LINE#         53
  C:16B4H         LINE#         54
  C:16BBH         LINE#         55
  C:16C2H         LINE#         56
  C:16CAH         LINE#         57
  C:16EDH         LINE#         58
  C:1701H         LINE#         59
  C:1701H         LINE#         60
  C:1715H         LINE#         61
  C:172CH         LINE#         62
  C:172CH         LINE#         64
  C:172EH         LINE#         65
  C:172EH         LINE#         66
  -------         ENDPROC       _PCDREQUEST
  -------         PROC          _PCDANTICOLL
  X:0005H         SYMBOL        pSnr
  -------         DO            
  X:0008H         SYMBOL        status
  D:0005H         SYMBOL        i
  X:0009H         SYMBOL        snr_check
  X:000AH         SYMBOL        unLen
  X:000CH         SYMBOL        ucComMF522Buf
  -------         ENDDO         
  C:13FEH         LINE#         73
  C:1409H         LINE#         74
  C:1409H         LINE#         76
  C:140DH         LINE#         81
  C:1410H         LINE#         82
  C:1417H         LINE#         83
  C:141EH         LINE#         85
  C:1424H         LINE#         86
  C:1428H         LINE#         88
  C:1454H         LINE#         90
  C:145AH         LINE#         91
  C:145AH         LINE#         92
  C:1465H         LINE#         93
  C:1465H         LINE#         94
  C:1485H         LINE#         95
  C:149CH         LINE#         96
  C:149FH         LINE#         97
  C:14B2H         LINE#         98
  C:14B8H         LINE#         99
  C:14B8H         LINE#         101
  C:14BFH         LINE#         102
  C:14C4H         LINE#         103
BL51 BANKED LINKER/LOCATER V6.22.2.0                                                  06/06/2023  00:10:54  PAGE 25


  -------         ENDPROC       _PCDANTICOLL
  -------         PROC          PCDRESET
  C:1BD6H         LINE#         109
  C:1BD6H         LINE#         110
  C:1BD8H         LINE#         111
  C:1BD9H         LINE#         112
  C:1BDBH         LINE#         113
  C:1BDCH         LINE#         114
  C:1BDEH         LINE#         115
  C:1BDFH         LINE#         116
  C:1BE6H         LINE#         117
  C:1BE7H         LINE#         120
  C:1BEEH         LINE#         121
  C:1BF5H         LINE#         122
  C:1BFCH         LINE#         123
  C:1C03H         LINE#         124
  C:1C0AH         LINE#         125
  C:1C11H         LINE#         126
  C:1C13H         LINE#         127
  -------         ENDPROC       PCDRESET
  -------         PROC          _M500PCDCONFIGISOTYPE
  D:0007H         SYMBOL        type
  C:1A7CH         LINE#         131
  C:1A7CH         LINE#         132
  C:1A81H         LINE#         133
  C:1A81H         LINE#         134
  C:1A84H         LINE#         135
  C:1A8BH         LINE#         136
  C:1A92H         LINE#         137
  C:1A99H         LINE#         138
  C:1AA0H         LINE#         139
  C:1AA7H         LINE#         140
  C:1AAEH         LINE#         141
  C:1AB5H         LINE#         142
  C:1ABCH         LINE#         143
  C:1ABFH         LINE#         144
  C:1AC1H         LINE#         145
  C:1AC4H         LINE#         147
  C:1AC6H         LINE#         148
  -------         ENDPROC       _M500PCDCONFIGISOTYPE
  -------         PROC          L?0112
  -------         ENDPROC       L?0112
  -------         PROC          _READRAWRC
  D:0007H         SYMBOL        Address
  -------         DO            
  D:0005H         SYMBOL        i
  D:0007H         SYMBOL        ucAddr
  D:0006H         SYMBOL        ucResult
  -------         ENDDO         
  C:181CH         LINE#         154
  C:181CH         LINE#         156
  C:181EH         LINE#         158
  C:1820H         LINE#         159
  C:1822H         LINE#         160
  C:182AH         LINE#         162
  C:1836H         LINE#         163
  C:1836H         LINE#         164
BL51 BANKED LINKER/LOCATER V6.22.2.0                                                  06/06/2023  00:10:54  PAGE 26


  C:1843H         LINE#         165
  C:1845H         LINE#         166
  C:1849H         LINE#         167
  C:184BH         LINE#         168
  C:184EH         LINE#         170
  C:185AH         LINE#         171
  C:185AH         LINE#         172
  C:185CH         LINE#         173
  C:1860H         LINE#         174
  C:1866H         LINE#         175
  C:1868H         LINE#         176
  C:186BH         LINE#         178
  C:186DH         LINE#         179
  C:186FH         LINE#         180
  C:1871H         LINE#         181
  -------         ENDPROC       _READRAWRC
  -------         PROC          L?0111
  -------         ENDPROC       L?0111
  -------         PROC          _WRITERAWRC
  D:0007H         SYMBOL        Address
  D:0005H         SYMBOL        value
  -------         DO            
  D:0006H         SYMBOL        i
  D:0007H         SYMBOL        ucAddr
  -------         ENDDO         
  C:18D1H         LINE#         188
  C:18D1H         LINE#         191
  C:18D3H         LINE#         192
  C:18D5H         LINE#         193
  C:18DBH         LINE#         195
  C:18E7H         LINE#         196
  C:18E7H         LINE#         197
  C:18F4H         LINE#         198
  C:18F6H         LINE#         199
  C:18FAH         LINE#         200
  C:18FCH         LINE#         201
  C:18FFH         LINE#         203
  C:190BH         LINE#         204
  C:190BH         LINE#         205
  C:1918H         LINE#         206
  C:191AH         LINE#         207
  C:191EH         LINE#         208
  C:1920H         LINE#         209
  C:1923H         LINE#         210
  C:1925H         LINE#         211
  C:1927H         LINE#         212
  -------         ENDPROC       _WRITERAWRC
  -------         PROC          _SETBITMASK
  D:0004H         SYMBOL        reg
  D:0003H         SYMBOL        mask
  -------         DO            
  D:0006H         SYMBOL        tmp
  -------         ENDDO         
  C:1EADH         LINE#         219
  C:1EADH         LINE#         220
  C:1EADH         LINE#         221
  C:1EADH         LINE#         222
BL51 BANKED LINKER/LOCATER V6.22.2.0                                                  06/06/2023  00:10:54  PAGE 27


  C:1EB2H         LINE#         223
  -------         ENDPROC       _SETBITMASK
  C:1E2EH         SYMBOL        L?0110
  -------         PROC          L?0109
  -------         ENDPROC       L?0109
  C:1E2EH         SYMBOL        L?0110
  -------         PROC          _CLEARBITMASK
  D:0004H         SYMBOL        reg
  D:0003H         SYMBOL        mask
  -------         DO            
  D:0006H         SYMBOL        tmp
  -------         ENDDO         
  C:1E32H         LINE#         231
  C:1E32H         LINE#         232
  C:1E32H         LINE#         233
  C:1E32H         LINE#         234
  C:1E37H         LINE#         235
  -------         ENDPROC       _CLEARBITMASK
  C:081CH         SYMBOL        L?0107
  C:083CH         SYMBOL        L?0108
  -------         PROC          L?0106
  -------         ENDPROC       L?0106
  C:081CH         SYMBOL        L?0107
  C:083CH         SYMBOL        L?0108
  -------         PROC          _PCDCOMMF522
  X:001EH         SYMBOL        Command
  X:001FH         SYMBOL        pInData
  X:0022H         SYMBOL        InLenByte
  X:0023H         SYMBOL        pOutData
  X:0026H         SYMBOL        pOutLenBit
  -------         DO            
  X:0029H         SYMBOL        status
  X:002AH         SYMBOL        irqEn
  X:002BH         SYMBOL        waitFor
  D:0005H         SYMBOL        lastBits
  X:002CH         SYMBOL        n
  X:002DH         SYMBOL        i
  -------         ENDDO         
  C:0840H         LINE#         246
  C:0850H         LINE#         251
  C:0850H         LINE#         252
  C:0856H         LINE#         253
  C:0859H         LINE#         254
  C:085BH         LINE#         258
  C:0864H         LINE#         259
  C:0864H         LINE#         260
  C:0864H         LINE#         261
  C:086AH         LINE#         262
  C:086EH         LINE#         263
  C:0870H         LINE#         264
  C:0870H         LINE#         265
  C:0876H         LINE#         266
  C:087AH         LINE#         267
  C:087AH         LINE#         268
  C:087AH         LINE#         269
  C:087AH         LINE#         270
  C:087AH         LINE#         272
BL51 BANKED LINKER/LOCATER V6.22.2.0                                                  06/06/2023  00:10:54  PAGE 28


  C:0886H         LINE#         273
  C:088DH         LINE#         274
  C:0890H         LINE#         275
  C:0897H         LINE#         277
  C:08B2H         LINE#         278
  C:08DAH         LINE#         279
  C:08E4H         LINE#         282
  C:08E9H         LINE#         283
  C:08F0H         LINE#         286
  C:08FAH         LINE#         288
  C:08FAH         LINE#         289
  C:0904H         LINE#         290
  C:0912H         LINE#         291
  C:0912H         LINE#         292
  C:092AH         LINE#         293
  C:0931H         LINE#         295
  C:093EH         LINE#         296
  C:093EH         LINE#         297
  C:094BH         LINE#         298
  C:094BH         LINE#         299
  C:094FH         LINE#         300
  C:095AH         LINE#         301
  C:0960H         LINE#         302
  C:096BH         LINE#         303
  C:096BH         LINE#         304
  C:0975H         LINE#         305
  C:097EH         LINE#         306
  C:0980H         LINE#         307
  C:09A6H         LINE#         309
  C:09C1H         LINE#         310
  C:09C7H         LINE#         311
  C:09C9H         LINE#         312
  C:09D6H         LINE#         313
  C:09D9H         LINE#         314
  C:09F3H         LINE#         315
  C:0A22H         LINE#         317
  C:0A22H         LINE#         318
  C:0A22H         LINE#         320
  C:0A28H         LINE#         321
  C:0A28H         LINE#         324
  C:0A2FH         LINE#         325
  C:0A32H         LINE#         326
  C:0A37H         LINE#         327
  -------         ENDPROC       _PCDCOMMF522
  -------         PROC          PCDANTENNAON
  -------         DO            
  D:0007H         SYMBOL        i
  -------         ENDDO         
  C:1E40H         LINE#         334
  C:1E40H         LINE#         336
  C:1E45H         LINE#         337
  C:1E4AH         LINE#         338
  C:1E4AH         LINE#         339
  C:1E51H         LINE#         340
  C:1E51H         LINE#         341
  -------         ENDPROC       PCDANTENNAON
  -------         PROC          PCDANTENNAOFF
BL51 BANKED LINKER/LOCATER V6.22.2.0                                                  06/06/2023  00:10:54  PAGE 29


  C:1EFFH         LINE#         347
  C:1EFFH         LINE#         348
  C:1EFFH         LINE#         349
  -------         ENDPROC       PCDANTENNAOFF
  -------         PROC          _PCDVALUE
  D:0007H         SYMBOL        dd_mode
  X:0053H         SYMBOL        addr
  X:0054H         SYMBOL        pValue
  -------         DO            
  X:0057H         SYMBOL        status
  X:0058H         SYMBOL        unLen
  D:0007H         SYMBOL        i
  X:005AH         SYMBOL        ucComMF522Buf
  -------         ENDDO         
  C:0FB6H         LINE#         363
  C:0FC6H         LINE#         364
  C:0FC6H         LINE#         369
  C:0FCBH         LINE#         370
  C:0FCEH         LINE#         371
  C:0FE7H         LINE#         373
  C:0FEFH         LINE#         375
  C:1009H         LINE#         376
  C:100FH         LINE#         377
  C:101FH         LINE#         378
  C:101FH         LINE#         379
  C:1037H         LINE#         380
  C:1043H         LINE#         381
  C:1066H         LINE#         382
  C:107FH         LINE#         383
  C:1086H         LINE#         384
  C:1090H         LINE#         385
  C:109DH         LINE#         386
  C:109FH         LINE#         387
  C:109FH         LINE#         389
  C:10ACH         LINE#         390
  C:10ACH         LINE#         391
  C:10B2H         LINE#         392
  C:10BAH         LINE#         393
  C:10D3H         LINE#         395
  C:10DBH         LINE#         397
  C:10F5H         LINE#         398
  C:10FBH         LINE#         399
  C:10FBH         LINE#         400
  C:1100H         LINE#         401
  -------         ENDPROC       _PCDVALUE
  -------         PROC          RFID_INIT
  C:1E91H         LINE#         403
  C:1E91H         LINE#         404
  C:1E91H         LINE#         405
  C:1E94H         LINE#         406
  C:1E97H         LINE#         407
  C:1E9AH         LINE#         408
  -------         ENDPROC       RFID_INIT
  -------         PROC          _COMPARE
  X:0097H         SYMBOL        a
  X:009AH         SYMBOL        b
  -------         DO            
BL51 BANKED LINKER/LOCATER V6.22.2.0                                                  06/06/2023  00:10:54  PAGE 30


  D:0007H         SYMBOL        ci
  X:009DH         SYMBOL        cj
  -------         ENDDO         
  C:1928H         LINE#         411
  C:1933H         LINE#         412
  C:1933H         LINE#         414
  C:193FH         LINE#         415
  C:193FH         LINE#         416
  C:1969H         LINE#         417
  C:1969H         LINE#         418
  C:196FH         LINE#         419
  C:196FH         LINE#         420
  C:1972H         LINE#         421
  C:197FH         LINE#         422
  C:1982H         LINE#         423
  -------         ENDPROC       _COMPARE
  -------         PROC          RC522TEST
  -------         DO            
  X:0004H         SYMBOL        cardno
  -------         ENDDO         
  C:1101H         LINE#         425
  C:1101H         LINE#         426
  C:1101H         LINE#         428
  C:1116H         LINE#         429
  C:1116H         LINE#         430
  C:1129H         LINE#         431
  C:1129H         LINE#         432
  C:112DH         LINE#         433
  C:115EH         LINE#         434
  C:115EH         LINE#         435
  C:1164H         LINE#         436
  C:1167H         LINE#         437
  C:1190H         LINE#         438
  C:1190H         LINE#         439
  C:1196H         LINE#         440
  C:1199H         LINE#         441
  C:11C9H         LINE#         442
  C:11C9H         LINE#         443
  C:11CFH         LINE#         444
  C:11D1H         LINE#         445
  C:1201H         LINE#         446
  C:1201H         LINE#         447
  C:1207H         LINE#         448
  C:1209H         LINE#         449
  C:120EH         LINE#         450
  C:1210H         LINE#         451
  C:1216H         LINE#         452
  C:1218H         LINE#         453
  C:121EH         LINE#         454
  C:1223H         LINE#         455
  -------         ENDPROC       RC522TEST
  -------         ENDMOD        RC522

  -------         MODULE        UART
  C:0000H         SYMBOL        _ICE_DUMMY_
  B:00A8H.7       PUBLIC        EA
  X:0084H         PUBLIC        UART_RX_BUF
BL51 BANKED LINKER/LOCATER V6.22.2.0                                                  06/06/2023  00:10:54  PAGE 31


  X:008EH         PUBLIC        UART_RX_STA
  B:00A8H.4       PUBLIC        ES
  B:0098H.1       PUBLIC        TI
  C:1C50H         PUBLIC        _UART_SendString
  C:1E9FH         PUBLIC        _UART_SendData
  D:0099H         PUBLIC        SBUF
  D:0087H         PUBLIC        PCON
  C:1E03H         PUBLIC        UART_Init
  D:0098H         PUBLIC        SCON
  D:0089H         PUBLIC        TMOD
  D:008DH         PUBLIC        TH1
  D:008BH         PUBLIC        TL1
  B:0088H.6       PUBLIC        TR1
  -------         PROC          UART_INIT
  C:1E03H         LINE#         7
  C:1E03H         LINE#         8
  C:1E03H         LINE#         9
  C:1E06H         LINE#         10
  C:1E09H         LINE#         11
  C:1E0CH         LINE#         12
  C:1E0FH         LINE#         13
  C:1E12H         LINE#         14
  C:1E14H         LINE#         15
  C:1E16H         LINE#         16
  C:1E18H         LINE#         18
  -------         ENDPROC       UART_INIT
  -------         PROC          _UART_SENDDATA
  D:0007H         SYMBOL        dat
  C:1E9FH         LINE#         20
  C:1E9FH         LINE#         21
  C:1E9FH         LINE#         22
  C:1EA1H         LINE#         23
  C:1EA3H         LINE#         24
  C:1EA5H         LINE#         25
  C:1EA8H         LINE#         26
  C:1EAAH         LINE#         27
  C:1EACH         LINE#         28
  -------         ENDPROC       _UART_SENDDATA
  -------         PROC          _UART_SENDSTRING
  X:00A8H         SYMBOL        pbuf
  C:1C50H         LINE#         30
  C:1C5BH         LINE#         31
  C:1C5BH         LINE#         32
  C:1C6CH         LINE#         33
  C:1C6CH         LINE#         34
  C:1C6FH         LINE#         35
  C:1C76H         LINE#         36
  C:1C80H         LINE#         37
  C:1C82H         LINE#         38
  -------         ENDPROC       _UART_SENDSTRING
  -------         ENDMOD        UART

  -------         MODULE        WIFI_CONTROL
  C:0000H         SYMBOL        _ICE_DUMMY_
  D:00A0H         PUBLIC        P2
  B:00A0H.3       PUBLIC        MA
  B:00A0H.4       PUBLIC        MB
BL51 BANKED LINKER/LOCATER V6.22.2.0                                                  06/06/2023  00:10:54  PAGE 32


  B:00A8H.4       PUBLIC        ES
  B:0098H.0       PUBLIC        RI
  C:1B96H         PUBLIC        _ESP8266_SendData
  C:1F06H         PUBLIC        wifi_control_init
  D:0099H         PUBLIC        SBUF
  C:1D60H         PUBLIC        ESP8266_ModeInit
  C:19DCH         PUBLIC        _ESP8266_SendCmd
  C:1E72H         PUBLIC        zhengzhuan
  C:1E62H         PUBLIC        fanzhuan
  C:035AH         PUBLIC        UART_IRQn
  -------         PROC          FANZHUAN
  C:1E62H         LINE#         17
  C:1E62H         LINE#         18
  C:1E62H         LINE#         19
  C:1E66H         LINE#         20
  C:1E6DH         LINE#         21
  C:1E71H         LINE#         22
  -------         ENDPROC       FANZHUAN
  -------         PROC          ZHENGZHUAN
  C:1E72H         LINE#         24
  C:1E72H         LINE#         25
  C:1E72H         LINE#         26
  C:1E76H         LINE#         27
  C:1E7DH         LINE#         28
  C:1E81H         LINE#         29
  -------         ENDPROC       ZHENGZHUAN
  -------         PROC          _ESP8266_SENDCMD
  X:0006H         SYMBOL        pbuf
  C:19DCH         LINE#         34
  C:19E7H         LINE#         35
  C:19E7H         LINE#         36
  C:19F8H         LINE#         37
  C:19F8H         LINE#         38
  C:19FBH         LINE#         39
  C:1A02H         LINE#         40
  C:1A0CH         LINE#         41
  C:1A0EH         LINE#         42
  C:1A15H         LINE#         43
  C:1A1AH         LINE#         44
  C:1A21H         LINE#         45
  C:1A26H         LINE#         46
  -------         ENDPROC       _ESP8266_SENDCMD
  -------         PROC          _ESP8266_SENDDATA
  X:0003H         SYMBOL        pbuf
  C:1B96H         LINE#         51
  C:1BA1H         LINE#         52
  C:1BA1H         LINE#         53
  C:1BAAH         LINE#         54
  C:1BBBH         LINE#         55
  C:1BBBH         LINE#         56
  C:1BBEH         LINE#         57
  C:1BC5H         LINE#         58
  C:1BCFH         LINE#         59
  C:1BD1H         LINE#         60
  -------         ENDPROC       _ESP8266_SENDDATA
  -------         PROC          ESP8266_MODEINIT
  C:1D60H         LINE#         64
BL51 BANKED LINKER/LOCATER V6.22.2.0                                                  06/06/2023  00:10:54  PAGE 33


  C:1D60H         LINE#         65
  C:1D60H         LINE#         66
  C:1D69H         LINE#         67
  C:1D72H         LINE#         68
  C:1D7BH         LINE#         69
  -------         ENDPROC       ESP8266_MODEINIT
  -------         PROC          WIFI_CONTROL_INIT
  C:1F06H         LINE#         73
  C:1F06H         LINE#         74
  C:1F06H         LINE#         76
  C:1F08H         LINE#         77
  -------         ENDPROC       WIFI_CONTROL_INIT
  -------         PROC          UART_IRQN
  -------         DO            
  X:00ABH         SYMBOL        i
  -------         ENDDO         
  C:035AH         LINE#         82
  C:0377H         LINE#         86
  C:037DH         LINE#         87
  C:037DH         LINE#         88
  C:037FH         LINE#         89
  C:038FH         LINE#         90
  C:039EH         LINE#         91
  C:03A0H         LINE#         92
  C:03A8H         LINE#         93
  C:03A8H         LINE#         94
  C:03B9H         LINE#         95
  C:03B9H         LINE#         96
  C:03BCH         LINE#         97
  C:03C1H         LINE#         98
  C:03C1H         LINE#         99
  C:03D2H         LINE#         100
  C:03D2H         LINE#         101
  C:03D5H         LINE#         102
  C:03DAH         LINE#         103
  C:03DAH         LINE#         104
  C:03DAH         LINE#         106
  C:03E5H         LINE#         107
  C:03E5H         LINE#         108
  C:03F1H         LINE#         109
  C:03FDH         LINE#         110
  C:0409H         LINE#         111
  C:0415H         LINE#         112
  C:0421H         LINE#         113
  C:042DH         LINE#         114
  C:0439H         LINE#         115
  C:0445H         LINE#         116
  C:0451H         LINE#         117
  C:045EH         LINE#         118
  C:046AH         LINE#         119
  C:047BH         LINE#         120
  C:0488H         LINE#         121
  C:0499H         LINE#         122
  C:04A6H         LINE#         123
  C:04B7H         LINE#         124
  C:04C4H         LINE#         125
  C:04D5H         LINE#         126
BL51 BANKED LINKER/LOCATER V6.22.2.0                                                  06/06/2023  00:10:54  PAGE 34


  C:04E2H         LINE#         127
  C:04F3H         LINE#         128
  C:0500H         LINE#         129
  C:0511H         LINE#         130
  C:051EH         LINE#         131
  C:052FH         LINE#         132
  C:053CH         LINE#         133
  C:054DH         LINE#         134
  C:055AH         LINE#         135
  C:056BH         LINE#         136
  C:0578H         LINE#         137
  C:0589H         LINE#         138
  C:0596H         LINE#         139
  C:05A3H         LINE#         140
  C:05AFH         LINE#         141
  C:05BBH         LINE#         142
  C:05C8H         LINE#         143
  C:05CDH         LINE#         144
  C:05CDH         LINE#         145
  C:05CDH         LINE#         146
  -------         ENDPROC       UART_IRQN
  -------         ENDMOD        WIFI_CONTROL

  -------         MODULE        ?C?COPY
  C:06B8H         PUBLIC        ?C?COPY
  -------         ENDMOD        ?C?COPY

  -------         MODULE        ?C?CLDPTR
  C:06DEH         PUBLIC        ?C?CLDPTR
  -------         ENDMOD        ?C?CLDPTR

  -------         MODULE        ?C?CLDOPTR
  C:06F7H         PUBLIC        ?C?CLDOPTR
  -------         ENDMOD        ?C?CLDOPTR

  -------         MODULE        ?C?CSTPTR
  C:0724H         PUBLIC        ?C?CSTPTR
  -------         ENDMOD        ?C?CSTPTR

  -------         MODULE        ?C?CSTOPTR
  C:0736H         PUBLIC        ?C?CSTOPTR
  -------         ENDMOD        ?C?CSTOPTR

  -------         MODULE        ?C?IMUL
  C:0758H         PUBLIC        ?C?IMUL
  -------         ENDMOD        ?C?IMUL

  -------         MODULE        ?C?UIDIV
  C:076AH         PUBLIC        ?C?UIDIV
  -------         ENDMOD        ?C?UIDIV

  -------         MODULE        ?C?IILDX
  C:07BFH         PUBLIC        ?C?IILDX
  -------         ENDMOD        ?C?IILDX

  -------         MODULE        ?C?ISTPTR
  C:07D5H         PUBLIC        ?C?ISTPTR
BL51 BANKED LINKER/LOCATER V6.22.2.0                                                  06/06/2023  00:10:54  PAGE 35


  -------         ENDMOD        ?C?ISTPTR

  -------         MODULE        ?C?CCASE
  C:07F4H         PUBLIC        ?C?CCASE
  -------         ENDMOD        ?C?CCASE

*** WARNING L15: MULTIPLE CALL TO SEGMENT
    SEGMENT: ?PR?_LCD_SHOWSTRING?LCD1602
    CALLER1: ?PR?UART_IRQN?WIFI_CONTROL
    CALLER2: ?C_C51STARTUP

*** WARNING L1: UNRESOLVED EXTERNAL SYMBOL
    SYMBOL:  _CALULATECRC
    MODULE:  .\Objects\rc522.obj (RC522)

*** WARNING L1: UNRESOLVED EXTERNAL SYMBOL
    SYMBOL:  ?_CALULATECRC?BYTE
    MODULE:  .\Objects\rc522.obj (RC522)

*** WARNING L2: REFERENCE MADE TO UNRESOLVED EXTERNAL
    SYMBOL:  ?_CALULATECRC?BYTE
    MODULE:  .\Objects\rc522.obj (RC522)
    ADDRESS: 0FCFH

*** WARNING L2: REFERENCE MADE TO UNRESOLVED EXTERNAL
    SYMBOL:  _CALULATECRC
    MODULE:  .\Objects\rc522.obj (RC522)
    ADDRESS: 0FE5H

*** WARNING L2: REFERENCE MADE TO UNRESOLVED EXTERNAL
    SYMBOL:  ?_CALULATECRC?BYTE
    MODULE:  .\Objects\rc522.obj (RC522)
    ADDRESS: 1067H

*** WARNING L2: REFERENCE MADE TO UNRESOLVED EXTERNAL
    SYMBOL:  _CALULATECRC
    MODULE:  .\Objects\rc522.obj (RC522)
    ADDRESS: 107DH

*** WARNING L2: REFERENCE MADE TO UNRESOLVED EXTERNAL
    SYMBOL:  ?_CALULATECRC?BYTE
    MODULE:  .\Objects\rc522.obj (RC522)
    ADDRESS: 10BBH

*** WARNING L2: REFERENCE MADE TO UNRESOLVED EXTERNAL
    SYMBOL:  _CALULATECRC
    MODULE:  .\Objects\rc522.obj (RC522)
    ADDRESS: 10D1H

Program Size: data=9.0 xdata=172 code=7945
LINK/LOCATE RUN COMPLETE.  9 WARNING(S),  0 ERROR(S)
